samueldemero@Tsuki A6 % cd Repo1 
samueldemero@Tsuki Repo1 % ls
samueldemero@Tsuki Repo1 % git init
Initialized empty Git repository in /Users/samueldemero/Desktop/git/A6/Repo1/.git/
samueldemero@Tsuki Repo1 % touch text1.txt
samueldemero@Tsuki Repo1 % git status
On branch master

No commits yet

Untracked files:
  (use "git add <file>..." to include in what will be committed)
	text1.txt

nothing added to commit but untracked files present (use "git add" to track)
samueldemero@Tsuki Repo1 % git add .
samueldemero@Tsuki Repo1 % git staus
git: 'staus' is not a git command. See 'git --help'.

The most similar command is
	status
samueldemero@Tsuki Repo1 % git status
On branch master

No commits yet

Changes to be committed:
  (use "git rm --cached <file>..." to unstage)
	new file:   text1.txt

samueldemero@Tsuki Repo1 % git commit -m "New file created"
[master (root-commit) 9ee02cb] New file created
 1 file changed, 0 insertions(+), 0 deletions(-)
 create mode 100644 text1.txt
samueldemero@Tsuki Repo1 % git status
On branch master
nothing to commit, working tree clean
samueldemero@Tsuki Repo1 % git status                                          
On branch master
Changes not staged for commit:
  (use "git add <file>..." to update what will be committed)
  (use "git restore <file>..." to discard changes in working directory)
	modified:   text1.txt

no changes added to commit (use "git add" and/or "git commit -a")
samueldemero@Tsuki Repo1 % git add . 
samueldemero@Tsuki Repo1 % git commit -m "added text saying this is new text"
[master 8a3bf39] added text saying this is new text
 1 file changed, 1 insertion(+)
samueldemero@Tsuki Repo1 % git remote add origin https://github.com/SDemero/Repo1.git
git branch -M main
git push -u origin main
Enumerating objects: 6, done.
Counting objects: 100% (6/6), done.
Delta compression using up to 8 threads
Compressing objects: 100% (2/2), done.
Writing objects: 100% (6/6), 469 bytes | 469.00 KiB/s, done.
Total 6 (delta 0), reused 0 (delta 0)
To https://github.com/SDemero/Repo1.git
 * [new branch]      main -> main
Branch 'main' set up to track remote branch 'main' from 'origin'.
samueldemero@Tsuki Repo1 % 